// Jest Snapshot v1, https://goo.gl/fbAQLP

exports[`customer match snapshot 1`] = `
<DocumentFragment>
  <div
    class="promo"
  >
    <div
      class="inline"
    >
      <div
        class="half"
      >
        <div
          class="promoType"
        >
          Информация о баллах
        </div>
      </div>
      <div
        class="half"
      >
        <div
          class="name"
        >
          Статус обработки
        </div>
        <div
          class="value"
        >
          Успешно
        </div>
      </div>
    </div>
    <div
      class="inline"
    >
      <div
        class="half"
      >
        <div
          class="name"
        >
          Доступно для списание
        </div>
        <div
          class="promoValue"
        >
          8 295 431,24
        </div>
      </div>
      <div
        class="half"
      >
        <div
          class="name"
        >
          Будет списано
        </div>
        <div
          class="promoValue"
        >
          1 559 295,84
        </div>
      </div>
    </div>
    <div
      class="name"
    >
      Баланс
    </div>
    <div
      class="inline"
    >
      <div
        class="third"
      >
        <div
          class="name"
        >
          Доступно
        </div>
        <div
          class="value"
        >
          2 202 060,23
        </div>
      </div>
      <div
        class="third"
      >
        <div
          class="name"
        >
          Блок
        </div>
        <div
          class="value"
        >
          19 474 460,28
        </div>
      </div>
      <div
        class="third"
      >
        <div
          class="name"
        >
          Всего
        </div>
        <div
          class="value"
        >
          16 594 789,28
        </div>
      </div>
    </div>
  </div>
</DocumentFragment>
`;
