// Jest Snapshot v1, https://goo.gl/fbAQLP

exports[`PossibleDiscounts snapshot with content should match snapshot 1`] = `
<DocumentFragment>
  <div
    class="promo"
  >
    <div
      class="promoType line"
    >
      Скидка на доп. товары
    </div>
    <div
      class="inline line"
    >
      <div
        class="third"
      >
        <div
          class="line"
        >
          <div
            class="name"
          >
            Тип скидки
          </div>
          <div
            class="value  "
          >
            В процентах
          </div>
        </div>
        <div
          class="line"
        >
          <div
            class="name"
          >
            Сумма
          </div>
          <div
            class="value  "
          >
            2848939.94
          </div>
        </div>
        <div
          class="line"
        >
          <div
            class="name"
          >
            Кол-во
          </div>
          <div
            class="value  "
          >
            2
          </div>
        </div>
      </div>
      <div
        class="third"
      >
        <div
          class="name"
        >
          Товары
        </div>
        <div
          class="value  "
        >
          <div>
             1615435128
          </div>
          <div>
             161093334
          </div>
        </div>
      </div>
      <div
        class="third"
      >
        <div
          class="name"
        >
          Плэйсхолдер
        </div>
        <div
          class="value  "
        >
          top
        </div>
      </div>
    </div>
    <div
      class="line promoFooter"
    >
      <div
        class="promoDetail"
      >
        MB ID: 573105704
      </div>
      <div
        class="promoDetail"
      >
        Ext ID: promotion-1
      </div>
      <div
        class="promoDetail"
      >
        mindbox
      </div>
    </div>
  </div>
</DocumentFragment>
`;
