// Jest Snapshot v1, https://goo.gl/fbAQLP

exports[`customer match snapshot 1`] = `
<DocumentFragment>
  <div>
    <div
      class="inline"
    >
      <div
        class="half"
      >
        <div
          class="name"
        >
          ФИО
        </div>
        <div
          class="value"
        >
          Иван Иванович Иванов
        </div>
      </div>
      <div
        class="half"
      >
        <div
          class="name"
        >
          Статус обработки
        </div>
        <div
          class="value"
        >
          Processed
        </div>
      </div>
    </div>
    <div
      class="inline"
    >
      <div
        class="half"
      >
        <div
          class="name"
        >
          Пол
        </div>
        <div
          class="value"
        />
      </div>
      <div
        class="half"
      >
        <div
          class="name"
        >
          Дата рождения
        </div>
        <div
          class="value"
        >
          1990-01-31
        </div>
      </div>
    </div>
    <div
      class="inline"
    >
      <div
        class="name"
      >
        Телефон
      </div>
      <div
        class="half"
      >
        <div
          class="value"
        >
          79001234567
        </div>
        <p
          class="good"
        >
          Валидный 
        </p>
        <p
          class="good"
        >
          Подтвержден 
        </p>
      </div>
      <div
        class="half"
      >
        <div
          class="value"
        >
          79652026149
        </div>
        <p
          class="bad"
        >
          Ожидает подтверждения 
        </p>
      </div>
    </div>
    <div
      class="inline"
    >
      <div
        class="name"
      >
        Email
      </div>
      <div
        class="half"
      >
        <div
          class="value"
        >
          test@mindbox.ru
        </div>
        <p
          class="good"
        >
          Валидный 
        </p>
        <p
          class="bad"
        >
          Не подтвержден 
        </p>
      </div>
    </div>
    <div
      class="inline"
    >
      <div
        class="half"
      >
        <div
          class="name"
        >
          Зона
        </div>
        <div
          class="value"
        >
          Москва
        </div>
        <p>
          MoscowCity
        </p>
      </div>
    </div>
  </div>
</DocumentFragment>
`;
