// Jest Snapshot v1, https://goo.gl/fbAQLP

exports[`customer match snapshot 1`] = `
<DocumentFragment>
  <div
    class="customer"
  >
    <div
      class="inline"
    >
      <div
        class="half"
      >
        <div
          class="promoType"
        >
          Информация о баллах
        </div>
      </div>
      <div
        class="half"
      >
        <div
          class="name"
        >
          Статус обработки
        </div>
        <div
          class="value"
        >
          Успешно
        </div>
      </div>
    </div>
    <div
      class="inline"
    >
      <div
        class="half"
      >
        <div
          class="name"
        >
          Доступно для списание на этот заказ
        </div>
        <div
          class="promoValue"
        >
          8295431.24
        </div>
      </div>
    </div>
    <div
      class="half"
    >
      <div
        class="name"
      >
        Будет списано на этот заказ
      </div>
      <div
        class="half"
      >
        <div
          class="promoValue"
        >
          1559295.84
        </div>
      </div>
    </div>
    <div
      class="inline"
    >
      <div
        class="name"
      >
        Баланс
      </div>
      <div
        class="third"
      >
        <div
          class="name"
        >
          Доступно
        </div>
        <div
          class="value"
        >
          2202060.23
        </div>
      </div>
      <div
        class="third"
      >
        <div
          class="name"
        >
          Блок
        </div>
        <div
          class="value"
        >
          19474460.28
        </div>
      </div>
      <div
        class="third"
      >
        <div
          class="name"
        >
          Всего
        </div>
        <div
          class="value"
        >
          16594789.28
        </div>
      </div>
    </div>
  </div>
</DocumentFragment>
`;
