// Jest Snapshot v1, https://goo.gl/fbAQLP

exports[`customer match snapshot 1`] = `
<DocumentFragment>
  <div
    class="leftPanel"
  >
    <div
      class="buttonLine"
    >
      <button
        class="sizeAuto button normal false basic"
        type="button"
      >
        Форма запроса
      </button>
      <button
        class="sizeAuto button normal false basic"
        type="button"
      >
        JSON запроса
      </button>
      <button
        class="sizeAuto button normal active basic"
        type="button"
      >
        JSON ответа
      </button>
    </div>
    <div
      class="requestJSON"
    />
  </div>
</DocumentFragment>
`;
