// Jest Snapshot v1, https://goo.gl/fbAQLP

exports[`Request match snapshot 1`] = `
<DocumentFragment>
  <div
    class="leftPanel"
  >
    <div
      class="formGroup"
    >
      <div
        class="inline"
      >
        <div
          class="inputItem third"
        >
          <label
            class="label"
            for="endpoint"
          >
            Эндпоин
          </label>
          <div
            class="inputGroup"
          >
            <input
              class="input"
              id="endpoint"
              name="endpoint"
              type="text"
              value=""
            />
          </div>
        </div>
        <div
          class="inputItem third"
        >
          <label
            class="label"
            for="key"
          >
            Секретный ключ
          </label>
          <div
            class="inputGroup"
          >
            <input
              class="input"
              id="key"
              name="key"
              type="text"
              value=""
            />
          </div>
        </div>
        <div
          class="inputItem third"
        >
          <label
            class="label"
            for="operation"
          >
            Операция
          </label>
          <div
            class="inputGroup"
          >
            <input
              class="input"
              id="operation"
              name="operation"
              type="text"
              value=""
            />
          </div>
        </div>
      </div>
    </div>
    <div
      class="buttonLine"
    >
      <button
        class=" sizeAuto button normal false basic"
        type="button"
      >
        Конструктор запроса
      </button>
      <button
        class=" sizeAuto button normal false basic"
        type="button"
      >
        Тело запроса
      </button>
      <button
        class=" sizeAuto button normal false basic"
        type="button"
      >
        Тело ответа
      </button>
    </div>
  </div>
</DocumentFragment>
`;
