// Jest Snapshot v1, https://goo.gl/fbAQLP

exports[`customer match snapshot 1`] = `
<DocumentFragment>
  <div
    class="promo"
  >
    <div
      class="promoType"
    >
      Промокод
    </div>
    <div
      class="line inline"
    >
      <div
        class="half"
      >
        <div
          class="line"
        >
          <div
            class="value"
          >
            ABC12345
          </div>
        </div>
        <div
          class="name"
        >
          Статус промокода
        </div>
        <div
          class="line"
        >
          Пока еще не активен
        </div>
        <div
          class="line"
        >
          <div
            class="name"
          >
            Сумма скидки
          </div>
          <div
            class="promoValue"
          >
            10 528 369,9 ₽
          </div>
        </div>
      </div>
      <div
        class="half"
      >
        <div
          class="line"
        >
          <div
            class=" name"
          >
            Выдан
          </div>
          <div
            class="  value"
          >
            23 октября 2018 г.
          </div>
        </div>
        <div
          class="line"
        >
          <div
            class=" name"
          >
            Использован
          </div>
          <div
            class="  value"
          >
            20 апреля 2019 г.
          </div>
        </div>
        <div
          class="line"
        >
          <div
            class="  name"
          >
            Сгорит
          </div>
          <div
            class="  value"
          >
            21 ноября 2017 г.
          </div>
        </div>
      </div>
    </div>
    <div
      class="inline"
    >
      <div
        class="half"
      >
        <div
          class=" name"
        >
          Назнивае пула
        </div>
        <div
          class=" name"
        >
          Новый пул промокодов
        </div>
      </div>
      <div
        class="half"
      >
        <div
          class=" name"
        >
          Описание пула
        </div>
        <div
          class=" name"
        >
          Пул для новой акции!
        </div>
      </div>
    </div>
  </div>
</DocumentFragment>
`;
