// Jest Snapshot v1, https://goo.gl/fbAQLP

exports[`customer match snapshot 1`] = `
<DocumentFragment>
  <div
    class="promo"
  >
    <div
      class="promoType"
    >
      Промокод
    </div>
    <div
      class="inline"
    >
      <div
        class="half"
      >
        <div
          class="line"
        >
          <div
            class="value"
          >
            ABC12345
          </div>
        </div>
        <div
          class="line"
        >
          Пока еще не активен
        </div>
        <div
          class="line"
        >
          <div
            class="name"
          >
            Сумма скидки
          </div>
          <div
            class="promoValue"
          >
            10528369.9
          </div>
        </div>
      </div>
      <div
        class="half"
      >
        <div
          class="line"
        >
          <div
            class=" name"
          >
            Выдан
          </div>
          <div
            class="  value"
          >
            Tue Oct 23 2018
          </div>
        </div>
        <div
          class="line"
        >
          <div
            class="  name"
          >
            Сгорит
          </div>
          <div
            class="  value"
          >
            Tue Nov 21 2017
          </div>
        </div>
        <div
          class="line"
        >
          <div
            class=" name"
          >
            Использован
          </div>
          <div
            class="  value"
          >
            Sat Apr 20 2019
          </div>
        </div>
      </div>
    </div>
  </div>
</DocumentFragment>
`;
