// Jest Snapshot v1, https://goo.gl/fbAQLP

exports[`Line has to match snapshot 1`] = `
<DocumentFragment>
  <div>
    <div
      class="customer"
    >
      <div
        class="inline line"
      >
        <div
          class="third"
        >
          <div
            class="status neutral"
          >
            <div>
              № линии: 1
            </div>
            <div>
              ID линии: 8
            </div>
          </div>
        </div>
        <div
          class="third"
        >
          <div
            class="name"
          >
            Ид продукта
          </div>
          474177964
        </div>
        <div
          class="third"
        >
          <div
            class="name"
          >
            Количество
          </div>
          13179398.15
        </div>
      </div>
      <div
        class="inline"
      >
        <div
          class="half"
        >
          <div
            class="name"
          >
            Базовая цена
          </div>
          <div
            class="promoValue"
          >
            17,639,978.17 ₽
          </div>
        </div>
        <div
          class="half"
        >
          <div
            class="name"
          >
            Сумма по линии
          </div>
          <div
            class="promoValue"
          >
            804,584.3 ₽
          </div>
        </div>
      </div>
    </div>
    <div
      class="promo"
    >
      <div
        class="promoType line"
      >
        Начисление баллов
      </div>
      <div
        class="inline line"
      >
        <div
          class="half"
        >
          <div
            class="name"
          >
            Название акции
          </div>
          <div
            class="value line"
          >
            Новая акция
          </div>
        </div>
        <div
          class="half"
        >
          <div
            class="name"
          >
            Сумма
          </div>
          <div
            class="promoValue"
          >
            10,465,118.7 ₽
          </div>
          <div
            class="line"
          >
            <div
              class="name"
            >
              До
            </div>
            <div
              class="value"
            >
              September 15, 2019
            </div>
          </div>
        </div>
      </div>
      <div
        class="  line"
      >
        <div
          class="line"
        >
          <div
            class="name"
          >
            Примененный промокод
          </div>
          <div
            class="value"
          >
            ABC12345
          </div>
          <div
            class="status neutral"
          >
            Из пула: Новый пул промокодов
          </div>
        </div>
        <div
          class="line"
        >
          <div
            class="name"
          >
            Балльный счет
          </div>
          <div
            class="value"
          >
            aa1HemNi
          </div>
          <div
            class="status neutral"
          >
            Сис имя: nCE33ILt
          </div>
        </div>
      </div>
      <div
        class="line promoFooter"
      >
        <div
          class="promoDetail"
        >
          MB ID: 181652215
        </div>
        <div
          class="promoDetail"
        >
          Ext ID: promotion-1
        </div>
        <div
          class="promoDetail"
        >
          mindbox
        </div>
      </div>
    </div>
    <div
      class="promo"
    >
      <div
        class="promoType line"
      >
        Скидка балламми
      </div>
      <div
        class="inline line"
      >
        <div
          class="half"
        >
          <div
            class="name"
          >
            Название акции
          </div>
          <div
            class="value line"
          >
            Новая акция
          </div>
        </div>
        <div
          class="half"
        >
          <div
            class="name"
          >
            Сумма
          </div>
          <div
            class="promoValue"
          >
            15,785,603.89 ₽
          </div>
        </div>
      </div>
      <div
        class="  line"
      >
        <div
          class="line"
        >
          <div
            class="name"
          >
            Примененный промокод
          </div>
          <div
            class="value"
          >
            ABC12345
          </div>
          <div
            class="status neutral"
          >
            Из пула: Новый пул промокодов
          </div>
        </div>
        <div
          class="line"
        >
          <div
            class="name"
          >
            Балльный счет
          </div>
          <div
            class="value"
          >
            dhVKsVFD
          </div>
          <div
            class="status neutral"
          >
            Сис имя: Dc5EuQOG
          </div>
        </div>
      </div>
      <div
        class="line promoFooter"
      >
        <div
          class="promoDetail"
        >
          MB ID: 355187063
        </div>
        <div
          class="promoDetail"
        >
          Ext ID: promotion-1
        </div>
        <div
          class="promoDetail"
        >
          mindbox
        </div>
      </div>
    </div>
    <div
      class="promo"
    >
      <div
        class="promoType line"
      >
        Скидка
      </div>
      <div
        class="inline line"
      >
        <div
          class="half"
        >
          <div
            class="name"
          >
            Название акции
          </div>
          <div
            class="value line"
          >
            Новая акция
          </div>
        </div>
        <div
          class="half"
        >
          <div
            class="name"
          >
            Сумма
          </div>
          <div
            class="promoValue"
          >
            15,872,309.02 ₽
          </div>
        </div>
      </div>
      <div
        class="  line"
      >
        <div
          class="line"
        >
          <div
            class="name"
          >
            Примененный промокод
          </div>
          <div
            class="value"
          >
            ABC12345
          </div>
          <div
            class="status neutral"
          >
            Из пула: Новый пул промокодов
          </div>
        </div>
      </div>
      <div
        class="line promoFooter"
      >
        <div
          class="promoDetail"
        >
          MB ID: 1761263450
        </div>
        <div
          class="promoDetail"
        >
          Ext ID: promotion-1
        </div>
        <div
          class="promoDetail"
        >
          mindbox
        </div>
      </div>
    </div>
    <div
      class="promo"
    >
      <div
        class="promoType line"
      >
        Скидка на доставку
      </div>
      <div
        class="inline line"
      >
        <div
          class="half"
        >
          <div
            class="name"
          >
            Название акции
          </div>
          <div
            class="value line"
          >
            Новая акция
          </div>
        </div>
        <div
          class="half"
        >
          <div
            class="name"
          >
            Сумма
          </div>
          <div
            class="promoValue"
          >
            4,987,163.88 ₽
          </div>
        </div>
      </div>
      <div
        class="  line"
      >
        <div
          class="line"
        >
          <div
            class="name"
          >
            Примененный промокод
          </div>
          <div
            class="value"
          >
            ABC12345
          </div>
          <div
            class="status neutral"
          >
            Из пула: Новый пул промокодов
          </div>
        </div>
      </div>
      <div
        class="line promoFooter"
      >
        <div
          class="promoDetail"
        >
          MB ID: 361022015
        </div>
        <div
          class="promoDetail"
        >
          Ext ID: promotion-1
        </div>
        <div
          class="promoDetail"
        >
          mindbox
        </div>
      </div>
    </div>
    <div
      class="promo"
    >
      <div
        class="promoType line"
      >
        Сообщение
      </div>
      <div
        class="inline line"
      >
        <div
          class="half"
        >
          <div
            class="name"
          >
            Название акции
          </div>
          <div
            class="value line"
          >
            Новая акция
          </div>
        </div>
      </div>
      <div
        class="  line"
      >
        <div
          class="line"
        >
          <div
            class="name"
          >
            Примененный промокод
          </div>
          <div
            class="value"
          >
            ABC12345
          </div>
          <div
            class="status neutral"
          >
            Из пула: Новый пул промокодов
          </div>
        </div>
      </div>
      <div
        class="line promoFooter"
      >
        <div
          class="promoDetail"
        >
          MB ID: 1991884686
        </div>
        <div
          class="promoDetail"
        >
          Ext ID: promotion-1
        </div>
        <div
          class="promoDetail"
        >
          mindbox
        </div>
      </div>
    </div>
    <div
      class="promo"
    >
      <div
        class="promoType line"
      >
        Выданный промокод
      </div>
      <div
        class="inline line"
      >
        <div
          class="half"
        >
          <div
            class="name"
          >
            Название акции
          </div>
          <div
            class="value line"
          >
            Новая акция
          </div>
        </div>
      </div>
      <div
        class="  line"
      >
        <div
          class="line"
        >
          <div
            class="name"
          >
            Примененный промокод
          </div>
          <div
            class="value"
          >
            ABC12345
          </div>
          <div
            class="status neutral"
          >
            Из пула: Новый пул промокодов
          </div>
        </div>
        <div
          class="line"
        >
          <div
            class="name"
          >
            Выданный промокод
          </div>
          <div
            class="value"
          >
            ABC12345
          </div>
          <div
            class="status neutral"
          >
            Из пула:Новый пул промокодов
          </div>
        </div>
      </div>
      <div
        class="line promoFooter"
      >
        <div
          class="promoDetail"
        >
          MB ID: 1303715822
        </div>
        <div
          class="promoDetail"
        >
          Ext ID: promotion-1
        </div>
        <div
          class="promoDetail"
        >
          mindbox
        </div>
      </div>
    </div>
    <div
      class="promo"
    >
      <div
        class="promoType line"
      >
        Скидка
      </div>
      <div
        class="inline line"
      >
        <div
          class="half"
        >
          <div
            class="name"
          >
            Название акции
          </div>
          <div
            class="value line"
          >
            Новая акция
          </div>
        </div>
        <div
          class="half"
        >
          <div
            class="name"
          >
            Сумма
          </div>
          <div
            class="promoValue"
          >
            2,714,279.45 ₽
          </div>
        </div>
      </div>
      <div
        class="  line"
      />
      <div
        class="line promoFooter"
      >
        <div
          class="promoDetail"
        >
          MB ID: 1507016125
        </div>
        <div
          class="promoDetail"
        >
          Ext ID: promotion-1
        </div>
        <div
          class="promoDetail"
        >
          mindbox
        </div>
      </div>
    </div>
    <div
      class="promo"
    >
      <div
        class="promoType line"
      >
        Скидка
      </div>
      <div
        class="inline line"
      >
        <div
          class="half"
        >
          <div
            class="name"
          >
            Сумма
          </div>
          <div
            class="promoValue"
          >
            20,439,998.48 ₽
          </div>
        </div>
      </div>
      <div
        class="  line"
      >
        <div
          class="line"
        >
          <div
            class="name"
          >
            Примененный промокод
          </div>
          <div
            class="value"
          >
            ABC12345
          </div>
          <div
            class="status neutral"
          >
            Из пула: Новый пул промокодов
          </div>
        </div>
      </div>
    </div>
    <div>
      <div>
        <div>
          <div
            class="promo"
          >
            <div
              class="promoType line"
            >
              Сообщение
            </div>
            <div
              class="inline line"
            >
              <div
                class="half"
              >
                <div
                  class="name"
                >
                  Текст
                </div>
                <div
                  class="value  "
                >
                  Ура! У вас скидка!
                </div>
              </div>
              <div
                class="half"
              >
                <div
                  class="name"
                >
                  Плэйсхолдер
                </div>
                <div
                  class="value  "
                >
                  top
                </div>
              </div>
            </div>
            <div
              class="line promoFooter"
            >
              <div
                class="promoDetail"
              >
                MB ID: 1672736105
              </div>
              <div
                class="promoDetail"
              >
                Ext ID: promotion-1
              </div>
              <div
                class="promoDetail"
              >
                mindbox
              </div>
            </div>
          </div>
        </div>
        <div>
          <div
            class="promo"
          >
            <div
              class="promoType line"
            >
              Скидка на доп. товары
            </div>
            <div
              class="inline line"
            >
              <div
                class="third"
              >
                <div
                  class="line"
                >
                  <div
                    class="name"
                  >
                    Тип скидки
                  </div>
                  <div
                    class="value  "
                  >
                    В процентах
                  </div>
                </div>
                <div
                  class="line"
                >
                  <div
                    class="name"
                  >
                    Сумма
                  </div>
                  <div
                    class="value  "
                  >
                    2848939.94
                  </div>
                </div>
                <div
                  class="line"
                >
                  <div
                    class="name"
                  >
                    Кол-во
                  </div>
                  <div
                    class="value  "
                  >
                    2
                  </div>
                </div>
              </div>
              <div
                class="third"
              >
                <div
                  class="name"
                >
                  Товары
                </div>
                <div
                  class="value  "
                >
                  <div>
                     1615435128
                  </div>
                  <div>
                     161093334
                  </div>
                </div>
              </div>
              <div
                class="third"
              >
                <div
                  class="name"
                >
                  Плэйсхолдер
                </div>
                <div
                  class="value  "
                >
                  top
                </div>
              </div>
            </div>
            <div
              class="line promoFooter"
            >
              <div
                class="promoDetail"
              >
                MB ID: 573105704
              </div>
              <div
                class="promoDetail"
              >
                Ext ID: promotion-1
              </div>
              <div
                class="promoDetail"
              >
                mindbox
              </div>
            </div>
          </div>
        </div>
      </div>
      <div>
        <div>
          <div
            class="promo"
          >
            <div
              class="promoType line"
            >
              Сообщение
            </div>
            <div
              class="inline line"
            >
              <div
                class="half"
              >
                <div
                  class="name"
                >
                  Текст
                </div>
                <div
                  class="value  "
                >
                  Ура! У вас скидка!
                </div>
              </div>
              <div
                class="half"
              >
                <div
                  class="name"
                >
                  Плэйсхолдер
                </div>
                <div
                  class="value  "
                >
                  top
                </div>
              </div>
            </div>
            <div
              class="line promoFooter"
            >
              <div
                class="promoDetail"
              >
                MB ID: 313427658
              </div>
              <div
                class="promoDetail"
              >
                Ext ID: promotion-1
              </div>
              <div
                class="promoDetail"
              >
                mindbox
              </div>
            </div>
          </div>
        </div>
        <div>
          <div
            class="promo"
          >
            <div
              class="promoType line"
            >
              Скидка на доп. товары
            </div>
            <div
              class="inline line"
            >
              <div
                class="third"
              >
                <div
                  class="line"
                >
                  <div
                    class="name"
                  >
                    Тип скидки
                  </div>
                  <div
                    class="value  "
                  >
                    В процентах
                  </div>
                </div>
                <div
                  class="line"
                >
                  <div
                    class="name"
                  >
                    Сумма
                  </div>
                  <div
                    class="value  "
                  >
                    14273903.22
                  </div>
                </div>
                <div
                  class="line"
                >
                  <div
                    class="name"
                  >
                    Кол-во
                  </div>
                  <div
                    class="value  "
                  >
                    2
                  </div>
                </div>
              </div>
              <div
                class="third"
              >
                <div
                  class="name"
                >
                  Товары
                </div>
                <div
                  class="value  "
                >
                  <div>
                     880262601
                  </div>
                  <div>
                     702959408
                  </div>
                </div>
              </div>
              <div
                class="third"
              >
                <div
                  class="name"
                >
                  Плэйсхолдер
                </div>
                <div
                  class="value  "
                >
                  top
                </div>
              </div>
            </div>
            <div
              class="line promoFooter"
            >
              <div
                class="promoDetail"
              >
                MB ID: 1603824745
              </div>
              <div
                class="promoDetail"
              >
                Ext ID: promotion-1
              </div>
              <div
                class="promoDetail"
              >
                mindbox
              </div>
            </div>
          </div>
        </div>
      </div>
    </div>
  </div>
</DocumentFragment>
`;
