// Jest Snapshot v1, https://goo.gl/fbAQLP

exports[`bonus point change match snapshot 1`] = `
<DocumentFragment>
  <div
    class="promo"
  >
    <div
      class="line"
    >
      <div
        class="promoType"
      >
        Изменения баллов
      </div>
    </div>
    <div
      class="  line"
    >
      <div
        class="line"
      >
        <div
          class="name"
        >
          Балльный счет
        </div>
        <div
          class="value"
        >
          P02zXwLm
        </div>
        <div
          class="status neutral"
        >
          MBcRZtuf
        </div>
      </div>
      <div
        class="inline line"
      >
        <div
          class="half"
        >
          <div
            class="name"
          >
            Начислено
          </div>
          <div
            class="value"
          >
            1 396 638,62 ₽
          </div>
        </div>
        <div
          class="half"
        >
          <div
            class="name"
          >
            Списано
          </div>
          <div
            class="value"
          >
            5 761 799,72 ₽
          </div>
        </div>
      </div>
    </div>
    <div
      class="  line"
    >
      <div
        class="line"
      >
        <div
          class="name"
        >
          Балльный счет
        </div>
        <div
          class="value"
        >
          LE0pZEmG
        </div>
        <div
          class="status neutral"
        >
          REDNhFOU
        </div>
      </div>
      <div
        class="inline line"
      >
        <div
          class="half"
        >
          <div
            class="name"
          >
            Начислено
          </div>
          <div
            class="value"
          >
            20 955 125,72 ₽
          </div>
        </div>
        <div
          class="half"
        >
          <div
            class="name"
          >
            Списано
          </div>
          <div
            class="value"
          >
            10 868 072,91 ₽
          </div>
        </div>
      </div>
    </div>
  </div>
</DocumentFragment>
`;
