// Jest Snapshot v1, https://goo.gl/fbAQLP

exports[`customer match snapshot 1`] = `
<DocumentFragment>
  <div>
    <div
      class="buttonLine"
    >
      <button
        class="sizeAuto button normal false basic"
        type="button"
      >
        Форма запроса
      </button>
      <button
        class="sizeAuto button normal false basic"
        type="button"
      >
        JSON запроса
      </button>
      <button
        class="sizeAuto button normal active basic"
        type="button"
      >
        JSON ответа
      </button>
    </div>
    <div
      class="requestJSON"
    >
      <div>
        <div
          id="response-outer-box"
          name="outer-box"
          style="display: block; overflow: none; height: 68vh; width: 100%; margin: 0px; box-sizing: border-box; position: relative;"
        >
          <div
            style="opacity: 1; height: 30px; width: 30px; position: absolute; top: 0px; right: 0px; transform: translate(-25%,25%); pointer-events: none; transition-duration: 0.2s; transition-timing-function: cubic-bezier(0, 1, 0.5, 1);"
          >
            <svg
              height="30px"
              viewBox="0 0 100 100"
              width="30px"
            >
              <path
                clip-rule="evenodd"
                d="M39.363,79L16,55.49l11.347-11.419L39.694,56.49L72.983,23L84,34.085L39.363,79z"
                fill="green"
                fill-rule="evenodd"
                opacity="0.85"
              />
            </svg>
          </div>
          <div
            id="response-container"
            name="container"
            style="display: block; height: 68vh; width: 100%; margin: 0px; box-sizing: border-box; overflow: hidden; font-family: Roboto, sans-serif;"
          >
            <div
              id="response-warning-box"
              name="warning-box"
              style="display: block; overflow: hidden; height: 0px; width: 100%; margin: 0px; background-color: rgb(30, 30, 30); transition-duration: 0.2s; transition-timing-function: cubic-bezier(0, 1, 0.5, 1);"
            >
              <span
                style="display: inline-block; height: 60px; width: 60px; margin: 0px; box-sizing: border-box; overflow: hidden; vertical-align: top; pointer-events: none;"
              >
                <div
                  style="position: relative; top: 0px; left: 0px; height: 60px; width: 60px; margin: 0px; pointer-events: none;"
                >
                  <div
                    style="position: absolute; top: 50%; left: 50%; transform: translate(-50%, -50%); pointer-events: none;"
                  >
                    <svg
                      height="25px"
                      viewBox="0 0 100 100"
                      width="25px"
                    >
                      <path
                        clip-rule="evenodd"
                        d="M73.9,5.75c0.467-0.467,1.067-0.7,1.8-0.7c0.7,0,1.283,0.233,1.75,0.7l16.8,16.8  c0.467,0.5,0.7,1.084,0.7,1.75c0,0.733-0.233,1.334-0.7,1.801L70.35,50l23.9,23.95c0.5,0.467,0.75,1.066,0.75,1.8  c0,0.667-0.25,1.25-0.75,1.75l-16.8,16.75c-0.534,0.467-1.117,0.7-1.75,0.7s-1.233-0.233-1.8-0.7L50,70.351L26.1,94.25  c-0.567,0.467-1.167,0.7-1.8,0.7c-0.667,0-1.283-0.233-1.85-0.7L5.75,77.5C5.25,77,5,76.417,5,75.75c0-0.733,0.25-1.333,0.75-1.8  L29.65,50L5.75,26.101C5.25,25.667,5,25.066,5,24.3c0-0.666,0.25-1.25,0.75-1.75l16.8-16.8c0.467-0.467,1.05-0.7,1.75-0.7  c0.733,0,1.333,0.233,1.8,0.7L50,29.65L73.9,5.75z"
                        fill="red"
                        fill-rule="evenodd"
                      />
                    </svg>
                  </div>
                </div>
              </span>
              <span
                style="display: inline-block; height: 60px; margin: 0px; overflow: hidden; vertical-align: top; position: absolute; pointer-events: none;"
              />
            </div>
            <div
              id="response-body"
              name="body"
              style="display: flex; overflow: none; height: 100%; margin: 0px; resize: none; font-family: Roboto Mono, Monaco, monospace; font-size: 11px; background-color: rgb(30, 30, 30); transition-duration: 0.2s; transition-timing-function: cubic-bezier(0, 1, 0.5, 1);"
            >
              <span
                id="response-labels"
                name="labels"
                style="display: inline-block; box-sizing: border-box; vertical-align: top; height: 100%; width: 44px; margin: 0px; padding: 5px 0px 5px 10px; overflow: hidden; color: rgb(212, 212, 212);"
              >
                <div
                  style="color: rgb(212, 212, 212);"
                >
                  1
                </div>
                <div
                  style="color: rgb(212, 212, 212);"
                >
                  2
                </div>
                <div
                  style="color: rgb(212, 212, 212);"
                >
                  3
                </div>
                <div
                  style="color: rgb(212, 212, 212);"
                >
                  4
                </div>
                <div
                  style="color: rgb(212, 212, 212);"
                >
                  5
                </div>
                <div
                  style="color: rgb(212, 212, 212);"
                >
                  6
                </div>
                <div
                  style="color: rgb(212, 212, 212);"
                >
                  7
                </div>
                <div
                  style="color: rgb(212, 212, 212);"
                >
                  8
                </div>
                <div
                  style="color: rgb(212, 212, 212);"
                >
                  9
                </div>
                <div
                  style="color: rgb(212, 212, 212);"
                >
                  10
                </div>
                <div
                  style="color: rgb(212, 212, 212);"
                >
                  11
                </div>
                <div
                  style="color: rgb(212, 212, 212);"
                >
                  12
                </div>
                <div
                  style="color: rgb(212, 212, 212);"
                >
                  13
                </div>
                <div
                  style="color: rgb(212, 212, 212);"
                >
                  14
                </div>
                <div
                  style="color: rgb(212, 212, 212);"
                >
                  15
                </div>
                <div
                  style="color: rgb(212, 212, 212);"
                >
                  16
                </div>
                <div
                  style="color: rgb(212, 212, 212);"
                >
                  17
                </div>
                <div
                  style="color: rgb(212, 212, 212);"
                >
                  18
                </div>
                <div
                  style="color: rgb(212, 212, 212);"
                >
                  19
                </div>
                <div
                  style="color: rgb(212, 212, 212);"
                >
                  20
                </div>
                <div
                  style="color: rgb(212, 212, 212);"
                >
                  21
                </div>
                <div
                  style="color: rgb(212, 212, 212);"
                >
                  22
                </div>
                <div
                  style="color: rgb(212, 212, 212);"
                >
                  23
                </div>
                <div
                  style="color: rgb(212, 212, 212);"
                >
                  24
                </div>
                <div
                  style="color: rgb(212, 212, 212);"
                >
                  25
                </div>
                <div
                  style="color: rgb(212, 212, 212);"
                >
                  26
                </div>
                <div
                  style="color: rgb(212, 212, 212);"
                >
                  27
                </div>
                <div
                  style="color: rgb(212, 212, 212);"
                >
                  28
                </div>
                <div
                  style="color: rgb(212, 212, 212);"
                >
                  29
                </div>
                <div
                  style="color: rgb(212, 212, 212);"
                >
                  30
                </div>
                <div
                  style="color: rgb(212, 212, 212);"
                >
                  31
                </div>
                <div
                  style="color: rgb(212, 212, 212);"
                >
                  32
                </div>
                <div
                  style="color: rgb(212, 212, 212);"
                >
                  33
                </div>
                <div
                  style="color: rgb(212, 212, 212);"
                >
                  34
                </div>
                <div
                  style="color: rgb(212, 212, 212);"
                >
                  35
                </div>
                <div
                  style="color: rgb(212, 212, 212);"
                >
                  36
                </div>
                <div
                  style="color: rgb(212, 212, 212);"
                >
                  37
                </div>
                <div
                  style="color: rgb(212, 212, 212);"
                >
                  38
                </div>
                <div
                  style="color: rgb(212, 212, 212);"
                >
                  39
                </div>
                <div
                  style="color: rgb(212, 212, 212);"
                >
                  40
                </div>
                <div
                  style="color: rgb(212, 212, 212);"
                >
                  41
                </div>
                <div
                  style="color: rgb(212, 212, 212);"
                >
                  42
                </div>
                <div
                  style="color: rgb(212, 212, 212);"
                >
                  43
                </div>
                <div
                  style="color: rgb(212, 212, 212);"
                >
                  44
                </div>
                <div
                  style="color: rgb(212, 212, 212);"
                >
                  45
                </div>
                <div
                  style="color: rgb(212, 212, 212);"
                >
                  46
                </div>
                <div
                  style="color: rgb(212, 212, 212);"
                >
                  47
                </div>
                <div
                  style="color: rgb(212, 212, 212);"
                >
                  48
                </div>
                <div
                  style="color: rgb(212, 212, 212);"
                >
                  49
                </div>
                <div
                  style="color: rgb(212, 212, 212);"
                >
                  50
                </div>
                <div
                  style="color: rgb(212, 212, 212);"
                >
                  51
                </div>
                <div
                  style="color: rgb(212, 212, 212);"
                >
                  52
                </div>
                <div
                  style="color: rgb(212, 212, 212);"
                >
                  53
                </div>
                <div
                  style="color: rgb(212, 212, 212);"
                >
                  54
                </div>
                <div
                  style="color: rgb(212, 212, 212);"
                >
                  55
                </div>
                <div
                  style="color: rgb(212, 212, 212);"
                >
                  56
                </div>
                <div
                  style="color: rgb(212, 212, 212);"
                >
                  57
                </div>
                <div
                  style="color: rgb(212, 212, 212);"
                >
                  58
                </div>
                <div
                  style="color: rgb(212, 212, 212);"
                >
                  59
                </div>
                <div
                  style="color: rgb(212, 212, 212);"
                >
                  60
                </div>
                <div
                  style="color: rgb(212, 212, 212);"
                >
                  61
                </div>
                <div
                  style="color: rgb(212, 212, 212);"
                >
                  62
                </div>
                <div
                  style="color: rgb(212, 212, 212);"
                >
                  63
                </div>
                <div
                  style="color: rgb(212, 212, 212);"
                >
                  64
                </div>
                <div
                  style="color: rgb(212, 212, 212);"
                >
                  65
                </div>
                <div
                  style="color: rgb(212, 212, 212);"
                >
                  66
                </div>
                <div
                  style="color: rgb(212, 212, 212);"
                >
                  67
                </div>
                <div
                  style="color: rgb(212, 212, 212);"
                >
                  68
                </div>
                <div
                  style="color: rgb(212, 212, 212);"
                >
                  69
                </div>
                <div
                  style="color: rgb(212, 212, 212);"
                >
                  70
                </div>
                <div
                  style="color: rgb(212, 212, 212);"
                >
                  71
                </div>
                <div
                  style="color: rgb(212, 212, 212);"
                >
                  72
                </div>
                <div
                  style="color: rgb(212, 212, 212);"
                >
                  73
                </div>
                <div
                  style="color: rgb(212, 212, 212);"
                >
                  74
                </div>
                <div
                  style="color: rgb(212, 212, 212);"
                >
                  75
                </div>
                <div
                  style="color: rgb(212, 212, 212);"
                >
                  76
                </div>
                <div
                  style="color: rgb(212, 212, 212);"
                >
                  77
                </div>
                <div
                  style="color: rgb(212, 212, 212);"
                >
                  78
                </div>
                <div
                  style="color: rgb(212, 212, 212);"
                >
                  79
                </div>
                <div
                  style="color: rgb(212, 212, 212);"
                >
                  80
                </div>
                <div
                  style="color: rgb(212, 212, 212);"
                >
                  81
                </div>
                <div
                  style="color: rgb(212, 212, 212);"
                >
                  82
                </div>
                <div
                  style="color: rgb(212, 212, 212);"
                >
                  83
                </div>
                <div
                  style="color: rgb(212, 212, 212);"
                >
                  84
                </div>
                <div
                  style="color: rgb(212, 212, 212);"
                >
                  85
                </div>
                <div
                  style="color: rgb(212, 212, 212);"
                >
                  86
                </div>
                <div
                  style="color: rgb(212, 212, 212);"
                >
                  87
                </div>
              </span>
              <span
                autocapitalize="off"
                autocomplete="off"
                autocorrect="off"
                contenteditable="true"
                id="response"
                spellcheck="false"
                style="display: inline-block; box-sizing: border-box; vertical-align: top; height: 100%; flex: 1; margin: 0px; padding: 5px; overflow-x: hidden; overflow-y: auto; word-wrap: break-word; white-space: pre-line; color: rgb(212, 212, 212); outline: none;"
              >
                <span
                  depth="1"
                  style="color:#D4D4D4"
                  type="symbol"
                  value="{"
                >
                  {
                </span>
                <br />
                  
                <span
                  depth="1"
                  style="color:#9CDCFE"
                  type="key"
                  value="status"
                >
                  status
                </span>
                <span
                  depth="1"
                  style="color:#49B8F7"
                  type="symbol"
                  value=":"
                >
                  :
                </span>
                 
                <span
                  depth="1"
                  style="color:#CE8453"
                  type="string"
                  value="'Success'"
                >
                  'Success'
                </span>
                <span
                  depth="1"
                  style="color:#D4D4D4"
                  type="symbol"
                  value=","
                >
                  ,
                </span>
                <br />
                  
                <span
                  depth="1"
                  style="color:#9CDCFE"
                  type="key"
                  value="order"
                >
                  order
                </span>
                <span
                  depth="1"
                  style="color:#49B8F7"
                  type="symbol"
                  value=":"
                >
                  :
                </span>
                 
                <span
                  depth="2"
                  style="color:#D4D4D4"
                  type="symbol"
                  value="{"
                >
                  {
                </span>
                <br />
                    
                <span
                  depth="2"
                  style="color:#9CDCFE"
                  type="key"
                  value="processingStatus"
                >
                  processingStatus
                </span>
                <span
                  depth="2"
                  style="color:#49B8F7"
                  type="symbol"
                  value=":"
                >
                  :
                </span>
                 
                <span
                  depth="2"
                  style="color:#CE8453"
                  type="string"
                  value="'Calculated'"
                >
                  'Calculated'
                </span>
                <span
                  depth="2"
                  style="color:#D4D4D4"
                  type="symbol"
                  value=","
                >
                  ,
                </span>
                <br />
                    
                <span
                  depth="2"
                  style="color:#9CDCFE"
                  type="key"
                  value="totalPrice"
                >
                  totalPrice
                </span>
                <span
                  depth="2"
                  style="color:#49B8F7"
                  type="symbol"
                  value=":"
                >
                  :
                </span>
                 
                <span
                  depth="2"
                  style="color:#B5CE9F"
                  type="number"
                  value="11995"
                >
                  11995
                </span>
                <span
                  depth="2"
                  style="color:#D4D4D4"
                  type="symbol"
                  value=","
                >
                  ,
                </span>
                <br />
                    
                <span
                  depth="2"
                  style="color:#9CDCFE"
                  type="key"
                  value="lines"
                >
                  lines
                </span>
                <span
                  depth="2"
                  style="color:#49B8F7"
                  type="symbol"
                  value=":"
                >
                  :
                </span>
                 
                <span
                  depth="3"
                  style="color:#D4D4D4"
                  type="symbol"
                  value="["
                >
                  [
                </span>
                <br />
                      
                <span
                  depth="4"
                  style="color:#D4D4D4"
                  type="symbol"
                  value="{"
                >
                  {
                </span>
                <br />
                        
                <span
                  depth="4"
                  style="color:#9CDCFE"
                  type="key"
                  value="product"
                >
                  product
                </span>
                <span
                  depth="4"
                  style="color:#49B8F7"
                  type="symbol"
                  value=":"
                >
                  :
                </span>
                 
                <span
                  depth="5"
                  style="color:#D4D4D4"
                  type="symbol"
                  value="{"
                >
                  {
                </span>
                <br />
                          
                <span
                  depth="5"
                  style="color:#9CDCFE"
                  type="key"
                  value="ids"
                >
                  ids
                </span>
                <span
                  depth="5"
                  style="color:#49B8F7"
                  type="symbol"
                  value=":"
                >
                  :
                </span>
                 
                <span
                  depth="6"
                  style="color:#D4D4D4"
                  type="symbol"
                  value="{"
                >
                  {
                </span>
                <br />
                            
                <span
                  depth="6"
                  style="color:#9CDCFE"
                  type="key"
                  value="hyperautoWebsite"
                >
                  hyperautoWebsite
                </span>
                <span
                  depth="6"
                  style="color:#49B8F7"
                  type="symbol"
                  value=":"
                >
                  :
                </span>
                 
                <span
                  depth="6"
                  style="color:#CE8453"
                  type="string"
                  value="'000032291'"
                >
                  '000032291'
                </span>
                <br />
                          
                <span
                  depth="5"
                  style="color:#D4D4D4"
                  type="symbol"
                  value="}"
                >
                  }
                </span>
                <br />
                        
                <span
                  depth="4"
                  style="color:#D4D4D4"
                  type="symbol"
                  value="}"
                >
                  }
                </span>
                <span
                  depth="4"
                  style="color:#D4D4D4"
                  type="symbol"
                  value=","
                >
                  ,
                </span>
                <br />
                        
                <span
                  depth="4"
                  style="color:#9CDCFE"
                  type="key"
                  value="quantity"
                >
                  quantity
                </span>
                <span
                  depth="4"
                  style="color:#49B8F7"
                  type="symbol"
                  value=":"
                >
                  :
                </span>
                 
                <span
                  depth="4"
                  style="color:#B5CE9F"
                  type="number"
                  value="4"
                >
                  4
                </span>
                <span
                  depth="4"
                  style="color:#D4D4D4"
                  type="symbol"
                  value=","
                >
                  ,
                </span>
                <br />
                        
                <span
                  depth="4"
                  style="color:#9CDCFE"
                  type="key"
                  value="basePricePerItem"
                >
                  basePricePerItem
                </span>
                <span
                  depth="4"
                  style="color:#49B8F7"
                  type="symbol"
                  value=":"
                >
                  :
                </span>
                 
                <span
                  depth="4"
                  style="color:#B5CE9F"
                  type="number"
                  value="1699"
                >
                  1699
                </span>
                <span
                  depth="4"
                  style="color:#D4D4D4"
                  type="symbol"
                  value=","
                >
                  ,
                </span>
                <br />
                        
                <span
                  depth="4"
                  style="color:#9CDCFE"
                  type="key"
                  value="discountedPriceOfLine"
                >
                  discountedPriceOfLine
                </span>
                <span
                  depth="4"
                  style="color:#49B8F7"
                  type="symbol"
                  value=":"
                >
                  :
                </span>
                 
                <span
                  depth="4"
                  style="color:#B5CE9F"
                  type="number"
                  value="6296"
                >
                  6296
                </span>
                <span
                  depth="4"
                  style="color:#D4D4D4"
                  type="symbol"
                  value=","
                >
                  ,
                </span>
                <br />
                        
                <span
                  depth="4"
                  style="color:#9CDCFE"
                  type="key"
                  value="status"
                >
                  status
                </span>
                <span
                  depth="4"
                  style="color:#49B8F7"
                  type="symbol"
                  value=":"
                >
                  :
                </span>
                 
                <span
                  depth="5"
                  style="color:#D4D4D4"
                  type="symbol"
                  value="{"
                >
                  {
                </span>
                <br />
                          
                <span
                  depth="5"
                  style="color:#9CDCFE"
                  type="key"
                  value="ids"
                >
                  ids
                </span>
                <span
                  depth="5"
                  style="color:#49B8F7"
                  type="symbol"
                  value=":"
                >
                  :
                </span>
                 
                <span
                  depth="6"
                  style="color:#D4D4D4"
                  type="symbol"
                  value="{"
                >
                  {
                </span>
                <br />
                            
                <span
                  depth="6"
                  style="color:#9CDCFE"
                  type="key"
                  value="externalId"
                >
                  externalId
                </span>
                <span
                  depth="6"
                  style="color:#49B8F7"
                  type="symbol"
                  value=":"
                >
                  :
                </span>
                 
                <span
                  depth="6"
                  style="color:#CE8453"
                  type="string"
                  value="'accepted'"
                >
                  'accepted'
                </span>
                <br />
                          
                <span
                  depth="5"
                  style="color:#D4D4D4"
                  type="symbol"
                  value="}"
                >
                  }
                </span>
                <br />
                        
                <span
                  depth="4"
                  style="color:#D4D4D4"
                  type="symbol"
                  value="}"
                >
                  }
                </span>
                <span
                  depth="4"
                  style="color:#D4D4D4"
                  type="symbol"
                  value=","
                >
                  ,
                </span>
                <br />
                        
                <span
                  depth="4"
                  style="color:#9CDCFE"
                  type="key"
                  value="appliedPromotions"
                >
                  appliedPromotions
                </span>
                <span
                  depth="4"
                  style="color:#49B8F7"
                  type="symbol"
                  value=":"
                >
                  :
                </span>
                 
                <span
                  depth="5"
                  style="color:#D4D4D4"
                  type="symbol"
                  value="["
                >
                  [
                </span>
                <br />
                          
                <span
                  depth="6"
                  style="color:#D4D4D4"
                  type="symbol"
                  value="{"
                >
                  {
                </span>
                <br />
                            
                <span
                  depth="6"
                  style="color:#9CDCFE"
                  type="key"
                  value="type"
                >
                  type
                </span>
                <span
                  depth="6"
                  style="color:#49B8F7"
                  type="symbol"
                  value=":"
                >
                  :
                </span>
                 
                <span
                  depth="6"
                  style="color:#CE8453"
                  type="string"
                  value="'discount'"
                >
                  'discount'
                </span>
                <span
                  depth="6"
                  style="color:#D4D4D4"
                  type="symbol"
                  value=","
                >
                  ,
                </span>
                <br />
                            
                <span
                  depth="6"
                  style="color:#9CDCFE"
                  type="key"
                  value="coupon"
                >
                  coupon
                </span>
                <span
                  depth="6"
                  style="color:#49B8F7"
                  type="symbol"
                  value=":"
                >
                  :
                </span>
                 
                <span
                  depth="7"
                  style="color:#D4D4D4"
                  type="symbol"
                  value="{"
                >
                  {
                </span>
                <br />
                              
                <span
                  depth="7"
                  style="color:#9CDCFE"
                  type="key"
                  value="ids"
                >
                  ids
                </span>
                <span
                  depth="7"
                  style="color:#49B8F7"
                  type="symbol"
                  value=":"
                >
                  :
                </span>
                 
                <span
                  depth="8"
                  style="color:#D4D4D4"
                  type="symbol"
                  value="{"
                >
                  {
                </span>
                <br />
                                
                <span
                  depth="8"
                  style="color:#9CDCFE"
                  type="key"
                  value="code"
                >
                  code
                </span>
                <span
                  depth="8"
                  style="color:#49B8F7"
                  type="symbol"
                  value=":"
                >
                  :
                </span>
                 
                <span
                  depth="8"
                  style="color:#CE8453"
                  type="string"
                  value="'005ACOFHC8'"
                >
                  '005ACOFHC8'
                </span>
                <br />
                              
                <span
                  depth="7"
                  style="color:#D4D4D4"
                  type="symbol"
                  value="}"
                >
                  }
                </span>
                <span
                  depth="7"
                  style="color:#D4D4D4"
                  type="symbol"
                  value=","
                >
                  ,
                </span>
                <br />
                              
                <span
                  depth="7"
                  style="color:#9CDCFE"
                  type="key"
                  value="pool"
                >
                  pool
                </span>
                <span
                  depth="7"
                  style="color:#49B8F7"
                  type="symbol"
                  value=":"
                >
                  :
                </span>
                 
                <span
                  depth="8"
                  style="color:#D4D4D4"
                  type="symbol"
                  value="{"
                >
                  {
                </span>
                <br />
                                
                <span
                  depth="8"
                  style="color:#9CDCFE"
                  type="key"
                  value="ids"
                >
                  ids
                </span>
                <span
                  depth="8"
                  style="color:#49B8F7"
                  type="symbol"
                  value=":"
                >
                  :
                </span>
                 
                <span
                  depth="9"
                  style="color:#D4D4D4"
                  type="symbol"
                  value="{"
                >
                  {
                </span>
                <br />
                                  
                <span
                  depth="9"
                  style="color:#9CDCFE"
                  type="key"
                  value="mindboxId"
                >
                  mindboxId
                </span>
                <span
                  depth="9"
                  style="color:#49B8F7"
                  type="symbol"
                  value=":"
                >
                  :
                </span>
                 
                <span
                  depth="9"
                  style="color:#B5CE9F"
                  type="number"
                  value="9"
                >
                  9
                </span>
                <span
                  depth="9"
                  style="color:#D4D4D4"
                  type="symbol"
                  value=","
                >
                  ,
                </span>
                <br />
                                  
                <span
                  depth="9"
                  style="color:#9CDCFE"
                  type="key"
                  value="externalId"
                >
                  externalId
                </span>
                <span
                  depth="9"
                  style="color:#49B8F7"
                  type="symbol"
                  value=":"
                >
                  :
                </span>
                 
                <span
                  depth="9"
                  style="color:#CE8453"
                  type="string"
                  value="'promo-code-pool-7'"
                >
                  'promo-code-pool-7'
                </span>
                <br />
                                
                <span
                  depth="8"
                  style="color:#D4D4D4"
                  type="symbol"
                  value="}"
                >
                  }
                </span>
                <span
                  depth="8"
                  style="color:#D4D4D4"
                  type="symbol"
                  value=","
                >
                  ,
                </span>
                <br />
                                
                <span
                  depth="8"
                  style="color:#9CDCFE"
                  type="key"
                  value="name"
                >
                  name
                </span>
                <span
                  depth="8"
                  style="color:#49B8F7"
                  type="symbol"
                  value=":"
                >
                  :
                </span>
                 
                <span
                  depth="8"
                  style="color:#CE8453"
                  type="string"
                  value="'ДР купон 500р на покупки от 1000р'"
                >
                  'ДР купон 500р на покупки от 1000р'
                </span>
                <span
                  depth="8"
                  style="color:#D4D4D4"
                  type="symbol"
                  value=","
                >
                  ,
                </span>
                <br />
                                
                <span
                  depth="8"
                  style="color:#9CDCFE"
                  type="key"
                  value="description"
                >
                  description
                </span>
                <span
                  depth="8"
                  style="color:#49B8F7"
                  type="symbol"
                  value=":"
                >
                  :
                </span>
                 
                <span
                  depth="8"
                  style="color:#CE8453"
                  type="string"
                  value="'Скидка 500 р. для заказа от 1000р'"
                >
                  'Скидка 500 р. для заказа от 1000р'
                </span>
                <br />
                              
                <span
                  depth="7"
                  style="color:#D4D4D4"
                  type="symbol"
                  value="}"
                >
                  }
                </span>
                <br />
                            
                <span
                  depth="6"
                  style="color:#D4D4D4"
                  type="symbol"
                  value="}"
                >
                  }
                </span>
                <span
                  depth="6"
                  style="color:#D4D4D4"
                  type="symbol"
                  value=","
                >
                  ,
                </span>
                <br />
                            
                <span
                  depth="6"
                  style="color:#9CDCFE"
                  type="key"
                  value="promotion"
                >
                  promotion
                </span>
                <span
                  depth="6"
                  style="color:#49B8F7"
                  type="symbol"
                  value=":"
                >
                  :
                </span>
                 
                <span
                  depth="7"
                  style="color:#D4D4D4"
                  type="symbol"
                  value="{"
                >
                  {
                </span>
                <br />
                              
                <span
                  depth="7"
                  style="color:#9CDCFE"
                  type="key"
                  value="ids"
                >
                  ids
                </span>
                <span
                  depth="7"
                  style="color:#49B8F7"
                  type="symbol"
                  value=":"
                >
                  :
                </span>
                 
                <span
                  depth="8"
                  style="color:#D4D4D4"
                  type="symbol"
                  value="{"
                >
                  {
                </span>
                <br />
                                
                <span
                  depth="8"
                  style="color:#9CDCFE"
                  type="key"
                  value="mindboxId"
                >
                  mindboxId
                </span>
                <span
                  depth="8"
                  style="color:#49B8F7"
                  type="symbol"
                  value=":"
                >
                  :
                </span>
                 
                <span
                  depth="8"
                  style="color:#B5CE9F"
                  type="number"
                  value="21"
                >
                  21
                </span>
                <span
                  depth="8"
                  style="color:#D4D4D4"
                  type="symbol"
                  value=","
                >
                  ,
                </span>
                <br />
                                
                <span
                  depth="8"
                  style="color:#9CDCFE"
                  type="key"
                  value="externalId"
                >
                  externalId
                </span>
                <span
                  depth="8"
                  style="color:#49B8F7"
                  type="symbol"
                  value=":"
                >
                  :
                </span>
                 
                <span
                  depth="8"
                  style="color:#CE8453"
                  type="string"
                  value="'Н_BX587'"
                >
                  'Н_BX587'
                </span>
                <br />
                              
                <span
                  depth="7"
                  style="color:#D4D4D4"
                  type="symbol"
                  value="}"
                >
                  }
                </span>
                <span
                  depth="7"
                  style="color:#D4D4D4"
                  type="symbol"
                  value=","
                >
                  ,
                </span>
                <br />
                              
                <span
                  depth="7"
                  style="color:#9CDCFE"
                  type="key"
                  value="name"
                >
                  name
                </span>
                <span
                  depth="7"
                  style="color:#49B8F7"
                  type="symbol"
                  value=":"
                >
                  :
                </span>
                 
                <span
                  depth="7"
                  style="color:#CE8453"
                  type="string"
                  value="'Акция ДР купон 500р на покупки от 1000р'"
                >
                  'Акция ДР купон 500р на покупки от 1000р'
                </span>
                <span
                  depth="7"
                  style="color:#D4D4D4"
                  type="symbol"
                  value=","
                >
                  ,
                </span>
                <br />
                              
                <span
                  depth="7"
                  style="color:#9CDCFE"
                  type="key"
                  value="type"
                >
                  type
                </span>
                <span
                  depth="7"
                  style="color:#49B8F7"
                  type="symbol"
                  value=":"
                >
                  :
                </span>
                 
                <span
                  depth="7"
                  style="color:#CE8453"
                  type="string"
                  value="'mindbox'"
                >
                  'mindbox'
                </span>
                <br />
                            
                <span
                  depth="6"
                  style="color:#D4D4D4"
                  type="symbol"
                  value="}"
                >
                  }
                </span>
                <span
                  depth="6"
                  style="color:#D4D4D4"
                  type="symbol"
                  value=","
                >
                  ,
                </span>
                <br />
                            
                <span
                  depth="6"
                  style="color:#9CDCFE"
                  type="key"
                  value="amount"
                >
                  amount
                </span>
                <span
                  depth="6"
                  style="color:#49B8F7"
                  type="symbol"
                  value=":"
                >
                  :
                </span>
                 
                <span
                  depth="6"
                  style="color:#B5CE9F"
                  type="number"
                  value="500"
                >
                  500
                </span>
                <br />
                          
                <span
                  depth="5"
                  style="color:#D4D4D4"
                  type="symbol"
                  value="}"
                >
                  }
                </span>
                <br />
                        
                <span
                  depth="4"
                  style="color:#D4D4D4"
                  type="symbol"
                  value="]"
                >
                  ]
                </span>
                <span
                  depth="4"
                  style="color:#D4D4D4"
                  type="symbol"
                  value=","
                >
                  ,
                </span>
                <br />
                        
                <span
                  depth="4"
                  style="color:#9CDCFE"
                  type="key"
                  value="lineNumber"
                >
                  lineNumber
                </span>
                <span
                  depth="4"
                  style="color:#49B8F7"
                  type="symbol"
                  value=":"
                >
                  :
                </span>
                 
                <span
                  depth="4"
                  style="color:#B5CE9F"
                  type="number"
                  value="1"
                >
                  1
                </span>
                <br />
                      
                <span
                  depth="3"
                  style="color:#D4D4D4"
                  type="symbol"
                  value="}"
                >
                  }
                </span>
                <span
                  depth="3"
                  style="color:#D4D4D4"
                  type="symbol"
                  value=","
                >
                  ,
                </span>
                <br />
                      
                <span
                  depth="4"
                  style="color:#D4D4D4"
                  type="symbol"
                  value="{"
                >
                  {
                </span>
                <br />
                        
                <span
                  depth="4"
                  style="color:#9CDCFE"
                  type="key"
                  value="product"
                >
                  product
                </span>
                <span
                  depth="4"
                  style="color:#49B8F7"
                  type="symbol"
                  value=":"
                >
                  :
                </span>
                 
                <span
                  depth="5"
                  style="color:#D4D4D4"
                  type="symbol"
                  value="{"
                >
                  {
                </span>
                <br />
                          
                <span
                  depth="5"
                  style="color:#9CDCFE"
                  type="key"
                  value="ids"
                >
                  ids
                </span>
                <span
                  depth="5"
                  style="color:#49B8F7"
                  type="symbol"
                  value=":"
                >
                  :
                </span>
                 
                <span
                  depth="6"
                  style="color:#D4D4D4"
                  type="symbol"
                  value="{"
                >
                  {
                </span>
                <br />
                            
                <span
                  depth="6"
                  style="color:#9CDCFE"
                  type="key"
                  value="hyperautoWebsite"
                >
                  hyperautoWebsite
                </span>
                <span
                  depth="6"
                  style="color:#49B8F7"
                  type="symbol"
                  value=":"
                >
                  :
                </span>
                 
                <span
                  depth="6"
                  style="color:#CE8453"
                  type="string"
                  value="'000037616'"
                >
                  '000037616'
                </span>
                <br />
                          
                <span
                  depth="5"
                  style="color:#D4D4D4"
                  type="symbol"
                  value="}"
                >
                  }
                </span>
                <br />
                        
                <span
                  depth="4"
                  style="color:#D4D4D4"
                  type="symbol"
                  value="}"
                >
                  }
                </span>
                <span
                  depth="4"
                  style="color:#D4D4D4"
                  type="symbol"
                  value=","
                >
                  ,
                </span>
                <br />
                        
                <span
                  depth="4"
                  style="color:#9CDCFE"
                  type="key"
                  value="quantity"
                >
                  quantity
                </span>
                <span
                  depth="4"
                  style="color:#49B8F7"
                  type="symbol"
                  value=":"
                >
                  :
                </span>
                 
                <span
                  depth="4"
                  style="color:#B5CE9F"
                  type="number"
                  value="1"
                >
                  1
                </span>
                <span
                  depth="4"
                  style="color:#D4D4D4"
                  type="symbol"
                  value=","
                >
                  ,
                </span>
                <br />
                        
                <span
                  depth="4"
                  style="color:#9CDCFE"
                  type="key"
                  value="basePricePerItem"
                >
                  basePricePerItem
                </span>
                <span
                  depth="4"
                  style="color:#49B8F7"
                  type="symbol"
                  value=":"
                >
                  :
                </span>
                 
                <span
                  depth="4"
                  style="color:#B5CE9F"
                  type="number"
                  value="5699"
                >
                  5699
                </span>
                <span
                  depth="4"
                  style="color:#D4D4D4"
                  type="symbol"
                  value=","
                >
                  ,
                </span>
                <br />
                        
                <span
                  depth="4"
                  style="color:#9CDCFE"
                  type="key"
                  value="discountedPriceOfLine"
                >
                  discountedPriceOfLine
                </span>
                <span
                  depth="4"
                  style="color:#49B8F7"
                  type="symbol"
                  value=":"
                >
                  :
                </span>
                 
                <span
                  depth="4"
                  style="color:#B5CE9F"
                  type="number"
                  value="5699"
                >
                  5699
                </span>
                <span
                  depth="4"
                  style="color:#D4D4D4"
                  type="symbol"
                  value=","
                >
                  ,
                </span>
                <br />
                        
                <span
                  depth="4"
                  style="color:#9CDCFE"
                  type="key"
                  value="status"
                >
                  status
                </span>
                <span
                  depth="4"
                  style="color:#49B8F7"
                  type="symbol"
                  value=":"
                >
                  :
                </span>
                 
                <span
                  depth="5"
                  style="color:#D4D4D4"
                  type="symbol"
                  value="{"
                >
                  {
                </span>
                <br />
                          
                <span
                  depth="5"
                  style="color:#9CDCFE"
                  type="key"
                  value="ids"
                >
                  ids
                </span>
                <span
                  depth="5"
                  style="color:#49B8F7"
                  type="symbol"
                  value=":"
                >
                  :
                </span>
                 
                <span
                  depth="6"
                  style="color:#D4D4D4"
                  type="symbol"
                  value="{"
                >
                  {
                </span>
                <br />
                            
                <span
                  depth="6"
                  style="color:#9CDCFE"
                  type="key"
                  value="externalId"
                >
                  externalId
                </span>
                <span
                  depth="6"
                  style="color:#49B8F7"
                  type="symbol"
                  value=":"
                >
                  :
                </span>
                 
                <span
                  depth="6"
                  style="color:#CE8453"
                  type="string"
                  value="'accepted'"
                >
                  'accepted'
                </span>
                <br />
                          
                <span
                  depth="5"
                  style="color:#D4D4D4"
                  type="symbol"
                  value="}"
                >
                  }
                </span>
                <br />
                        
                <span
                  depth="4"
                  style="color:#D4D4D4"
                  type="symbol"
                  value="}"
                >
                  }
                </span>
                <span
                  depth="4"
                  style="color:#D4D4D4"
                  type="symbol"
                  value=","
                >
                  ,
                </span>
                <br />
                        
                <span
                  depth="4"
                  style="color:#9CDCFE"
                  type="key"
                  value="lineNumber"
                >
                  lineNumber
                </span>
                <span
                  depth="4"
                  style="color:#49B8F7"
                  type="symbol"
                  value=":"
                >
                  :
                </span>
                 
                <span
                  depth="4"
                  style="color:#B5CE9F"
                  type="number"
                  value="2"
                >
                  2
                </span>
                <br />
                      
                <span
                  depth="3"
                  style="color:#D4D4D4"
                  type="symbol"
                  value="}"
                >
                  }
                </span>
                <br />
                    
                <span
                  depth="2"
                  style="color:#D4D4D4"
                  type="symbol"
                  value="]"
                >
                  ]
                </span>
                <span
                  depth="2"
                  style="color:#D4D4D4"
                  type="symbol"
                  value=","
                >
                  ,
                </span>
                <br />
                    
                <span
                  depth="2"
                  style="color:#9CDCFE"
                  type="key"
                  value="couponsInfo"
                >
                  couponsInfo
                </span>
                <span
                  depth="2"
                  style="color:#49B8F7"
                  type="symbol"
                  value=":"
                >
                  :
                </span>
                 
                <span
                  depth="3"
                  style="color:#D4D4D4"
                  type="symbol"
                  value="["
                >
                  [
                </span>
                <br />
                      
                <span
                  depth="4"
                  style="color:#D4D4D4"
                  type="symbol"
                  value="{"
                >
                  {
                </span>
                <br />
                        
                <span
                  depth="4"
                  style="color:#9CDCFE"
                  type="key"
                  value="discountAmountForCurrentOrder"
                >
                  discountAmountForCurrentOrder
                </span>
                <span
                  depth="4"
                  style="color:#49B8F7"
                  type="symbol"
                  value=":"
                >
                  :
                </span>
                 
                <span
                  depth="4"
                  style="color:#B5CE9F"
                  type="number"
                  value="500"
                >
                  500
                </span>
                <span
                  depth="4"
                  style="color:#D4D4D4"
                  type="symbol"
                  value=","
                >
                  ,
                </span>
                <br />
                        
                <span
                  depth="4"
                  style="color:#9CDCFE"
                  type="key"
                  value="coupon"
                >
                  coupon
                </span>
                <span
                  depth="4"
                  style="color:#49B8F7"
                  type="symbol"
                  value=":"
                >
                  :
                </span>
                 
                <span
                  depth="5"
                  style="color:#D4D4D4"
                  type="symbol"
                  value="{"
                >
                  {
                </span>
                <br />
                          
                <span
                  depth="5"
                  style="color:#9CDCFE"
                  type="key"
                  value="ids"
                >
                  ids
                </span>
                <span
                  depth="5"
                  style="color:#49B8F7"
                  type="symbol"
                  value=":"
                >
                  :
                </span>
                 
                <span
                  depth="6"
                  style="color:#D4D4D4"
                  type="symbol"
                  value="{"
                >
                  {
                </span>
                <br />
                            
                <span
                  depth="6"
                  style="color:#9CDCFE"
                  type="key"
                  value="code"
                >
                  code
                </span>
                <span
                  depth="6"
                  style="color:#49B8F7"
                  type="symbol"
                  value=":"
                >
                  :
                </span>
                 
                <span
                  depth="6"
                  style="color:#CE8453"
                  type="string"
                  value="'005ACOFHC8'"
                >
                  '005ACOFHC8'
                </span>
                <br />
                          
                <span
                  depth="5"
                  style="color:#D4D4D4"
                  type="symbol"
                  value="}"
                >
                  }
                </span>
                <span
                  depth="5"
                  style="color:#D4D4D4"
                  type="symbol"
                  value=","
                >
                  ,
                </span>
                <br />
                          
                <span
                  depth="5"
                  style="color:#9CDCFE"
                  type="key"
                  value="pool"
                >
                  pool
                </span>
                <span
                  depth="5"
                  style="color:#49B8F7"
                  type="symbol"
                  value=":"
                >
                  :
                </span>
                 
                <span
                  depth="6"
                  style="color:#D4D4D4"
                  type="symbol"
                  value="{"
                >
                  {
                </span>
                <br />
                            
                <span
                  depth="6"
                  style="color:#9CDCFE"
                  type="key"
                  value="ids"
                >
                  ids
                </span>
                <span
                  depth="6"
                  style="color:#49B8F7"
                  type="symbol"
                  value=":"
                >
                  :
                </span>
                 
                <span
                  depth="7"
                  style="color:#D4D4D4"
                  type="symbol"
                  value="{"
                >
                  {
                </span>
                <br />
                              
                <span
                  depth="7"
                  style="color:#9CDCFE"
                  type="key"
                  value="mindboxId"
                >
                  mindboxId
                </span>
                <span
                  depth="7"
                  style="color:#49B8F7"
                  type="symbol"
                  value=":"
                >
                  :
                </span>
                 
                <span
                  depth="7"
                  style="color:#B5CE9F"
                  type="number"
                  value="9"
                >
                  9
                </span>
                <span
                  depth="7"
                  style="color:#D4D4D4"
                  type="symbol"
                  value=","
                >
                  ,
                </span>
                <br />
                              
                <span
                  depth="7"
                  style="color:#9CDCFE"
                  type="key"
                  value="externalId"
                >
                  externalId
                </span>
                <span
                  depth="7"
                  style="color:#49B8F7"
                  type="symbol"
                  value=":"
                >
                  :
                </span>
                 
                <span
                  depth="7"
                  style="color:#CE8453"
                  type="string"
                  value="'promo-code-pool-7'"
                >
                  'promo-code-pool-7'
                </span>
                <br />
                            
                <span
                  depth="6"
                  style="color:#D4D4D4"
                  type="symbol"
                  value="}"
                >
                  }
                </span>
                <span
                  depth="6"
                  style="color:#D4D4D4"
                  type="symbol"
                  value=","
                >
                  ,
                </span>
                <br />
                            
                <span
                  depth="6"
                  style="color:#9CDCFE"
                  type="key"
                  value="name"
                >
                  name
                </span>
                <span
                  depth="6"
                  style="color:#49B8F7"
                  type="symbol"
                  value=":"
                >
                  :
                </span>
                 
                <span
                  depth="6"
                  style="color:#CE8453"
                  type="string"
                  value="'ДР купон 500р на покупки от 1000р'"
                >
                  'ДР купон 500р на покупки от 1000р'
                </span>
                <span
                  depth="6"
                  style="color:#D4D4D4"
                  type="symbol"
                  value=","
                >
                  ,
                </span>
                <br />
                            
                <span
                  depth="6"
                  style="color:#9CDCFE"
                  type="key"
                  value="description"
                >
                  description
                </span>
                <span
                  depth="6"
                  style="color:#49B8F7"
                  type="symbol"
                  value=":"
                >
                  :
                </span>
                 
                <span
                  depth="6"
                  style="color:#CE8453"
                  type="string"
                  value="'Скидка 500 р. для заказа от 1000р'"
                >
                  'Скидка 500 р. для заказа от 1000р'
                </span>
                <br />
                          
                <span
                  depth="5"
                  style="color:#D4D4D4"
                  type="symbol"
                  value="}"
                >
                  }
                </span>
                <span
                  depth="5"
                  style="color:#D4D4D4"
                  type="symbol"
                  value=","
                >
                  ,
                </span>
                <br />
                          
                <span
                  depth="5"
                  style="color:#9CDCFE"
                  type="key"
                  value="status"
                >
                  status
                </span>
                <span
                  depth="5"
                  style="color:#49B8F7"
                  type="symbol"
                  value=":"
                >
                  :
                </span>
                 
                <span
                  depth="5"
                  style="color:#CE8453"
                  type="string"
                  value="'CanBeUsed'"
                >
                  'CanBeUsed'
                </span>
                <br />
                        
                <span
                  depth="4"
                  style="color:#D4D4D4"
                  type="symbol"
                  value="}"
                >
                  }
                </span>
                <br />
                      
                <span
                  depth="3"
                  style="color:#D4D4D4"
                  type="symbol"
                  value="}"
                >
                  }
                </span>
                <br />
                    
                <span
                  depth="2"
                  style="color:#D4D4D4"
                  type="symbol"
                  value="]"
                >
                  ]
                </span>
                <br />
                  
                <span
                  depth="1"
                  style="color:#D4D4D4"
                  type="symbol"
                  value="}"
                >
                  }
                </span>
                <br />
                <span
                  depth="0"
                  style="color:#D4D4D4"
                  type="symbol"
                  value="}"
                >
                  }
                </span>
              </span>
            </div>
          </div>
        </div>
        <button
          class="sizeFull button normal false basic"
          type="button"
        >
          Показать
        </button>
      </div>
    </div>
  </div>
</DocumentFragment>
`;
