// Jest Snapshot v1, https://goo.gl/fbAQLP

exports[`Line has to match snapshot 1`] = `
<DocumentFragment>
  <div>
    <div
      class="customer"
    >
      <div
        class="inline"
      >
        <div
          class="third"
        >
          <div
            class="status neutral"
          >
            <div>
              № линии: 1
            </div>
            <div>
              ID линии: 8
            </div>
          </div>
        </div>
        <div
          class="third"
        >
          <div
            class="name"
          >
            Ид продукта
          </div>
          <div>
             474177964
          </div>
        </div>
        <div
          class="third"
        >
          <div
            class="name"
          >
            Количество
          </div>
          <div>
             13179398.15
          </div>
        </div>
      </div>
      <div
        class="inline"
      >
        <div
          class="half"
        >
          <div
            class="value"
          >
            До скидки
          </div>
          <div
            class="promoValue"
          >
            17639978.17
          </div>
        </div>
        <div
          class="half"
        >
          <div
            class="value"
          >
            Итого
          </div>
          <div
            class="promoValue"
          >
            804584.3
          </div>
        </div>
      </div>
    </div>
    <div>
      <div
        class="promo"
      >
        <div
          class="promoType"
        >
          Начисление баллов
        </div>
        <div
          class="inline"
        >
          <div
            class="half"
          >
            <div
              class="value"
            >
               Новая акция
            </div>
            <div
              class="line"
            >
              <div
                class="name"
              >
                Примененный промокод
              </div>
              <div
                class="value"
              >
                ABC12345
              </div>
              <div
                class="status neutral"
              >
                Из пула: Новый пул промокодов
              </div>
            </div>
            <div
              class="line"
            >
              <div
                class="name"
              >
                Балльный счет
              </div>
              <div
                class="value"
              >
                aa1HemNi
              </div>
              <div
                class="status neutral"
              >
                Сис имя: nCE33ILt
              </div>
            </div>
          </div>
          <div
            class="half"
          >
            <div
              class="name"
            >
              Сумма
            </div>
            <div
              class="promoValue"
            >
              10465118.7
            </div>
            <div
              class="line"
            >
              <div
                class="name"
              >
                До
              </div>
              <div
                class="value"
              >
                Sun Sep 15 2019
              </div>
            </div>
          </div>
        </div>
        <div
          class="line"
        >
          <span
            class="promoDetail"
          >
            181652215
          </span>
          <span
            class="promoDetail"
          >
            promotion-1
          </span>
          <span
            class="promoDetail"
          >
            mindbox
          </span>
        </div>
      </div>
    </div>
    <div>
      <div
        class="promo"
      >
        <div
          class="promoType"
        >
          Скидка балламми
        </div>
        <div
          class="inline"
        >
          <div
            class="half"
          >
            <div
              class="value"
            >
               Новая акция
            </div>
            <div
              class="line"
            >
              <div
                class="name"
              >
                Примененный промокод
              </div>
              <div
                class="value"
              >
                ABC12345
              </div>
              <div
                class="status neutral"
              >
                Из пула: Новый пул промокодов
              </div>
            </div>
            <div
              class="line"
            >
              <div
                class="name"
              >
                Балльный счет
              </div>
              <div
                class="value"
              >
                dhVKsVFD
              </div>
              <div
                class="status neutral"
              >
                Сис имя: Dc5EuQOG
              </div>
            </div>
          </div>
          <div
            class="half"
          >
            <div
              class="name"
            >
              Сумма
            </div>
            <div
              class="promoValue"
            >
              15785603.89
            </div>
          </div>
        </div>
        <div
          class="line"
        >
          <span
            class="promoDetail"
          >
            355187063
          </span>
          <span
            class="promoDetail"
          >
            promotion-1
          </span>
          <span
            class="promoDetail"
          >
            mindbox
          </span>
        </div>
      </div>
    </div>
    <div>
      <div
        class="promo"
      >
        <div
          class="promoType"
        >
          Скидка
        </div>
        <div
          class="inline"
        >
          <div
            class="half"
          >
            <div
              class="value"
            >
               Новая акция
            </div>
            <div
              class="line"
            >
              <div
                class="name"
              >
                Примененный промокод
              </div>
              <div
                class="value"
              >
                ABC12345
              </div>
              <div
                class="status neutral"
              >
                Из пула: Новый пул промокодов
              </div>
            </div>
          </div>
          <div
            class="half"
          >
            <div
              class="name"
            >
              Сумма
            </div>
            <div
              class="promoValue"
            >
              15872309.02
            </div>
          </div>
        </div>
        <div
          class="line"
        >
          <span
            class="promoDetail"
          >
            1761263450
          </span>
          <span
            class="promoDetail"
          >
            promotion-1
          </span>
          <span
            class="promoDetail"
          >
            mindbox
          </span>
        </div>
      </div>
    </div>
    <div>
      <div
        class="promo"
      >
        <div
          class="promoType"
        >
          Скидка на доставку
        </div>
        <div
          class="inline"
        >
          <div
            class="half"
          >
            <div
              class="value"
            >
               Новая акция
            </div>
            <div
              class="line"
            >
              <div
                class="name"
              >
                Примененный промокод
              </div>
              <div
                class="value"
              >
                ABC12345
              </div>
              <div
                class="status neutral"
              >
                Из пула: Новый пул промокодов
              </div>
            </div>
          </div>
          <div
            class="half"
          >
            <div
              class="name"
            >
              Сумма
            </div>
            <div
              class="promoValue"
            >
              4987163.88
            </div>
          </div>
        </div>
        <div
          class="line"
        >
          <span
            class="promoDetail"
          >
            361022015
          </span>
          <span
            class="promoDetail"
          >
            promotion-1
          </span>
          <span
            class="promoDetail"
          >
            mindbox
          </span>
        </div>
      </div>
    </div>
    <div>
      <div
        class="promo"
      >
        <div
          class="promoType"
        >
          Сообщение
        </div>
        <div
          class="inline"
        >
          <div
            class="half"
          >
            <div
              class="value"
            >
               Новая акция
            </div>
            <div
              class="line"
            >
              <div
                class="name"
              >
                Примененный промокод
              </div>
              <div
                class="value"
              >
                ABC12345
              </div>
              <div
                class="status neutral"
              >
                Из пула: Новый пул промокодов
              </div>
            </div>
          </div>
        </div>
        <div
          class="line"
        >
          <span
            class="promoDetail"
          >
            1991884686
          </span>
          <span
            class="promoDetail"
          >
            promotion-1
          </span>
          <span
            class="promoDetail"
          >
            mindbox
          </span>
        </div>
      </div>
    </div>
    <div>
      <div
        class="promo"
      >
        <div
          class="promoType"
        >
          Выданный промокод
        </div>
        <div
          class="inline"
        >
          <div
            class="half"
          >
            <div
              class="value"
            >
               Новая акция
            </div>
            <div
              class="line"
            >
              <div
                class="name"
              >
                Примененный промокод
              </div>
              <div
                class="value"
              >
                ABC12345
              </div>
              <div
                class="status neutral"
              >
                Из пула: Новый пул промокодов
              </div>
            </div>
            <div
              class="line"
            >
              <div
                class="name"
              >
                Выданный промокод
              </div>
              <div
                class="value"
              >
                ABC12345
              </div>
              <div
                class="status neutral"
              >
                Из пула:Новый пул промокодов
              </div>
            </div>
          </div>
        </div>
        <div
          class="line"
        >
          <span
            class="promoDetail"
          >
            1303715822
          </span>
          <span
            class="promoDetail"
          >
            promotion-1
          </span>
          <span
            class="promoDetail"
          >
            mindbox
          </span>
        </div>
      </div>
    </div>
    <div>
      <div
        class="promo"
      >
        <div
          class="promoType"
        >
          Скидка
        </div>
        <div
          class="inline"
        >
          <div
            class="half"
          >
            <div
              class="value"
            >
               Новая акция
            </div>
          </div>
          <div
            class="half"
          >
            <div
              class="name"
            >
              Сумма
            </div>
            <div
              class="promoValue"
            >
              2714279.45
            </div>
          </div>
        </div>
        <div
          class="line"
        >
          <span
            class="promoDetail"
          >
            1507016125
          </span>
          <span
            class="promoDetail"
          >
            promotion-1
          </span>
          <span
            class="promoDetail"
          >
            mindbox
          </span>
        </div>
      </div>
    </div>
    <div>
      <div
        class="promo"
      >
        <div
          class="promoType"
        >
          Скидка
        </div>
        <div
          class="inline"
        >
          <div
            class="half"
          >
            <div
              class="line"
            >
              <div
                class="name"
              >
                Примененный промокод
              </div>
              <div
                class="value"
              >
                ABC12345
              </div>
              <div
                class="status neutral"
              >
                Из пула: Новый пул промокодов
              </div>
            </div>
          </div>
          <div
            class="half"
          >
            <div
              class="name"
            >
              Сумма
            </div>
            <div
              class="promoValue"
            >
              20439998.48
            </div>
          </div>
        </div>
      </div>
    </div>
  </div>
</DocumentFragment>
`;
