// Jest Snapshot v1, https://goo.gl/fbAQLP

exports[`Line has to match snapshot 1`] = `
<DocumentFragment>
  <div>
    <div
      class="customer"
    >
      <div
        class="inline line"
      >
        <div
          class="third"
        >
          <div
            class="status neutral"
          >
            <div>
              № линии: 1
            </div>
            <div>
              ID линии: 8
            </div>
          </div>
        </div>
        <div
          class="third"
        >
          <div
            class="name"
          >
            Ид продукта
          </div>
          <div>
             474177964
          </div>
        </div>
        <div
          class="third"
        >
          <div
            class="name"
          >
            Количество
          </div>
          <div>
             13179398.15
          </div>
        </div>
      </div>
      <div
        class="inline"
      >
        <div
          class="half"
        >
          <div
            class="name"
          >
            Базовая цена
          </div>
          <div
            class="promoValue"
          >
            17639978.17
          </div>
        </div>
        <div
          class="half"
        >
          <div
            class="name"
          >
            Сумма по линии
          </div>
          <div
            class="promoValue"
          >
            804584.3
          </div>
        </div>
      </div>
    </div>
    <div>
      <div
        class="promo"
      >
        <div
          class="promoType line"
        >
          Начисление баллов
        </div>
        <div
          class="inline line"
        >
          <div
            class="half"
          >
            <div
              class="name"
            >
              Название акции
            </div>
            <div
              class="value line"
            >
               Новая акция
            </div>
          </div>
          <div
            class="half"
          >
            <div
              class="name"
            >
              Сумма
            </div>
            <div
              class="promoValue"
            >
              10465118.7
            </div>
            <div
              class="line"
            >
              <div
                class="name"
              >
                До
              </div>
              <div
                class="value"
              >
                Sun Sep 15 2019
              </div>
            </div>
          </div>
        </div>
        <div
          class="  line"
        >
          <div
            class="line"
          >
            <div
              class="name"
            >
              Примененный промокод
            </div>
            <div
              class="value"
            >
              ABC12345
            </div>
            <div
              class="status neutral"
            >
              Из пула: Новый пул промокодов
            </div>
          </div>
          <div
            class="line"
          >
            <div
              class="name"
            >
              Балльный счет
            </div>
            <div
              class="value"
            >
              aa1HemNi
            </div>
            <div
              class="status neutral"
            >
              Сис имя: nCE33ILt
            </div>
          </div>
        </div>
        <div
          class="line promoFooter"
        >
          <div
            class="promoDetail"
          >
            MB ID: 181652215
          </div>
          <div
            class="promoDetail"
          >
            Ext ID: promotion-1
          </div>
          <div
            class="promoDetail"
          >
            mindbox
          </div>
        </div>
      </div>
    </div>
    <div>
      <div
        class="promo"
      >
        <div
          class="promoType line"
        >
          Скидка балламми
        </div>
        <div
          class="inline line"
        >
          <div
            class="half"
          >
            <div
              class="name"
            >
              Название акции
            </div>
            <div
              class="value line"
            >
               Новая акция
            </div>
          </div>
          <div
            class="half"
          >
            <div
              class="name"
            >
              Сумма
            </div>
            <div
              class="promoValue"
            >
              15785603.89
            </div>
          </div>
        </div>
        <div
          class="  line"
        >
          <div
            class="line"
          >
            <div
              class="name"
            >
              Примененный промокод
            </div>
            <div
              class="value"
            >
              ABC12345
            </div>
            <div
              class="status neutral"
            >
              Из пула: Новый пул промокодов
            </div>
          </div>
          <div
            class="line"
          >
            <div
              class="name"
            >
              Балльный счет
            </div>
            <div
              class="value"
            >
              dhVKsVFD
            </div>
            <div
              class="status neutral"
            >
              Сис имя: Dc5EuQOG
            </div>
          </div>
        </div>
        <div
          class="line promoFooter"
        >
          <div
            class="promoDetail"
          >
            MB ID: 355187063
          </div>
          <div
            class="promoDetail"
          >
            Ext ID: promotion-1
          </div>
          <div
            class="promoDetail"
          >
            mindbox
          </div>
        </div>
      </div>
    </div>
    <div>
      <div
        class="promo"
      >
        <div
          class="promoType line"
        >
          Скидка
        </div>
        <div
          class="inline line"
        >
          <div
            class="half"
          >
            <div
              class="name"
            >
              Название акции
            </div>
            <div
              class="value line"
            >
               Новая акция
            </div>
          </div>
          <div
            class="half"
          >
            <div
              class="name"
            >
              Сумма
            </div>
            <div
              class="promoValue"
            >
              15872309.02
            </div>
          </div>
        </div>
        <div
          class="  line"
        >
          <div
            class="line"
          >
            <div
              class="name"
            >
              Примененный промокод
            </div>
            <div
              class="value"
            >
              ABC12345
            </div>
            <div
              class="status neutral"
            >
              Из пула: Новый пул промокодов
            </div>
          </div>
        </div>
        <div
          class="line promoFooter"
        >
          <div
            class="promoDetail"
          >
            MB ID: 1761263450
          </div>
          <div
            class="promoDetail"
          >
            Ext ID: promotion-1
          </div>
          <div
            class="promoDetail"
          >
            mindbox
          </div>
        </div>
      </div>
    </div>
    <div>
      <div
        class="promo"
      >
        <div
          class="promoType line"
        >
          Скидка на доставку
        </div>
        <div
          class="inline line"
        >
          <div
            class="half"
          >
            <div
              class="name"
            >
              Название акции
            </div>
            <div
              class="value line"
            >
               Новая акция
            </div>
          </div>
          <div
            class="half"
          >
            <div
              class="name"
            >
              Сумма
            </div>
            <div
              class="promoValue"
            >
              4987163.88
            </div>
          </div>
        </div>
        <div
          class="  line"
        >
          <div
            class="line"
          >
            <div
              class="name"
            >
              Примененный промокод
            </div>
            <div
              class="value"
            >
              ABC12345
            </div>
            <div
              class="status neutral"
            >
              Из пула: Новый пул промокодов
            </div>
          </div>
        </div>
        <div
          class="line promoFooter"
        >
          <div
            class="promoDetail"
          >
            MB ID: 361022015
          </div>
          <div
            class="promoDetail"
          >
            Ext ID: promotion-1
          </div>
          <div
            class="promoDetail"
          >
            mindbox
          </div>
        </div>
      </div>
    </div>
    <div>
      <div
        class="promo"
      >
        <div
          class="promoType line"
        >
          Сообщение
        </div>
        <div
          class="inline line"
        >
          <div
            class="half"
          >
            <div
              class="name"
            >
              Название акции
            </div>
            <div
              class="value line"
            >
               Новая акция
            </div>
          </div>
        </div>
        <div
          class="  line"
        >
          <div
            class="line"
          >
            <div
              class="name"
            >
              Примененный промокод
            </div>
            <div
              class="value"
            >
              ABC12345
            </div>
            <div
              class="status neutral"
            >
              Из пула: Новый пул промокодов
            </div>
          </div>
        </div>
        <div
          class="line promoFooter"
        >
          <div
            class="promoDetail"
          >
            MB ID: 1991884686
          </div>
          <div
            class="promoDetail"
          >
            Ext ID: promotion-1
          </div>
          <div
            class="promoDetail"
          >
            mindbox
          </div>
        </div>
      </div>
    </div>
    <div>
      <div
        class="promo"
      >
        <div
          class="promoType line"
        >
          Выданный промокод
        </div>
        <div
          class="inline line"
        >
          <div
            class="half"
          >
            <div
              class="name"
            >
              Название акции
            </div>
            <div
              class="value line"
            >
               Новая акция
            </div>
          </div>
        </div>
        <div
          class="  line"
        >
          <div
            class="line"
          >
            <div
              class="name"
            >
              Примененный промокод
            </div>
            <div
              class="value"
            >
              ABC12345
            </div>
            <div
              class="status neutral"
            >
              Из пула: Новый пул промокодов
            </div>
          </div>
          <div
            class="line"
          >
            <div
              class="name"
            >
              Выданный промокод
            </div>
            <div
              class="value"
            >
              ABC12345
            </div>
            <div
              class="status neutral"
            >
              Из пула:Новый пул промокодов
            </div>
          </div>
        </div>
        <div
          class="line promoFooter"
        >
          <div
            class="promoDetail"
          >
            MB ID: 1303715822
          </div>
          <div
            class="promoDetail"
          >
            Ext ID: promotion-1
          </div>
          <div
            class="promoDetail"
          >
            mindbox
          </div>
        </div>
      </div>
    </div>
    <div>
      <div
        class="promo"
      >
        <div
          class="promoType line"
        >
          Скидка
        </div>
        <div
          class="inline line"
        >
          <div
            class="half"
          >
            <div
              class="name"
            >
              Название акции
            </div>
            <div
              class="value line"
            >
               Новая акция
            </div>
          </div>
          <div
            class="half"
          >
            <div
              class="name"
            >
              Сумма
            </div>
            <div
              class="promoValue"
            >
              2714279.45
            </div>
          </div>
        </div>
        <div
          class="  line"
        />
        <div
          class="line promoFooter"
        >
          <div
            class="promoDetail"
          >
            MB ID: 1507016125
          </div>
          <div
            class="promoDetail"
          >
            Ext ID: promotion-1
          </div>
          <div
            class="promoDetail"
          >
            mindbox
          </div>
        </div>
      </div>
    </div>
    <div>
      <div
        class="promo"
      >
        <div
          class="promoType line"
        >
          Скидка
        </div>
        <div
          class="inline line"
        >
          <div
            class="half"
          />
          <div
            class="half"
          >
            <div
              class="name"
            >
              Сумма
            </div>
            <div
              class="promoValue"
            >
              20439998.48
            </div>
          </div>
        </div>
        <div
          class="  line"
        >
          <div
            class="line"
          >
            <div
              class="name"
            >
              Примененный промокод
            </div>
            <div
              class="value"
            >
              ABC12345
            </div>
            <div
              class="status neutral"
            >
              Из пула: Новый пул промокодов
            </div>
          </div>
        </div>
      </div>
    </div>
  </div>
</DocumentFragment>
`;
