// Jest Snapshot v1, https://goo.gl/fbAQLP

exports[`EmptyResponse has to match snapshot 1`] = `
<DocumentFragment>
  <div
    class="response"
  >
    <div
      class="text"
    >
      <p>
        <img
          alt=""
          src="test-file-stub"
        />
      </p>
      <p>
        Визуализация акций
      </p>
    </div>
    <div
      class="inline"
    >
      <div
        class="text"
      >
        <div>
          <h3>
            Расчет и визуализация 
          </h3>
          <p>
            Чтобы рассчитать акции, сервис выполняет запрос 
            <a
              href="https://developers.mindbox.ru/docs/processing-calculate"
            >
               "Предварительный расчет заказа"
            </a>
             к API Mindbox.
          </p>
          <p>
            Для расчета надо: 
          </p>
          <ol>
            <li>
              Заполнить настройки подключения: эндпоинт, секретный ключ и операция
            </li>
            <li>
              Собрать тело запроса
            </li>
          </ol>
          <p>
            Тело можно собрать через форму-конструктор или вставить готовый JSON на вкладке "тело запроса".
          </p>
          <p>
            Полученный ответ отобразится в виде блоков.
          </p>
        </div>
      </div>
      <div
        class="text"
      >
        <h3>
          Только визуализация
        </h3>
        <p>
          Если у вас есть расчитанные акции, то вставьте их на вкладке "тело ответа".
        </p>
        <p>
           Заполнять настройки подключения не нужно.
        </p>
      </div>
    </div>
    <div
      class="text"
    >
      <h4>
        Если у вас есть XML
      </h4>
      <p>
        API Mindbox работает c XML и JSON, но сервис Pre4eker использует только JSON.
      </p>
      <p>
        Если у вас есть тело запроса или ответа в формате XML, то его можно вставить в соответствующей вкладке. После этого ваш запрос автоматически конвертируется в JSON.
      </p>
    </div>
    <div
      class="text"
    >
      <p>
        github: 
        <a
          href="https://github.com/peter-nikitin/mindbox-pre4eker"
        >
          pre4eker
        </a>
      </p>
    </div>
  </div>
</DocumentFragment>
`;
