// Jest Snapshot v1, https://goo.gl/fbAQLP

exports[`EmptyResponse has to match snapshot 1`] = `
<DocumentFragment>
  <div
    class="response"
  >
    <div
      class="text"
    >
      <p>
        Pre4eker - это сервис проверки и визуализации акций.
      </p>
      <ol>
        <li>
          Получи ответ АПИ Mindbox. Например, через Postman или от клиента
        </li>
        <li>
          Введи его в форму
        </li>
        <li>
          Проверь то, как настроены акции. 
        </li>
      </ol>
      <p>
        github:
        <a
          href="https://github.com/peter-nikitin/mindbox-pre4eker"
        >
          pre4eker
        </a>
      </p>
    </div>
  </div>
</DocumentFragment>
`;
